manifest should match snapshot:
  1: |
    apiVersion: apps/v1
    kind: Deployment
    metadata:
      labels:
        app.kubernetes.io/instance: RELEASE-NAME
        app.kubernetes.io/managed-by: Helm
        app.kubernetes.io/name: application
        helm.sh/chart: application-0.0.1
      name: RELEASE-NAME-application
      namespace: NAMESPACE
    spec:
      replicas: 1
      selector:
        matchLabels:
          app.kubernetes.io/instance: RELEASE-NAME
          app.kubernetes.io/name: application
      strategy:
        type: RollingUpdate
      template:
        metadata:
          annotations: {}
          labels:
            app.kubernetes.io/instance: RELEASE-NAME
            app.kubernetes.io/managed-by: Helm
            app.kubernetes.io/name: application
            helm.sh/chart: application-0.0.1
        spec:
          affinity:
            nodeAffinity: null
            podAffinity: null
            podAntiAffinity:
              preferredDuringSchedulingIgnoredDuringExecution:
                - podAffinityTerm:
                    labelSelector:
                      matchLabels:
                        app.kubernetes.io/instance: RELEASE-NAME
                        app.kubernetes.io/name: application
                    topologyKey: kubernetes.io/hostname
                  weight: 1
          priorityClassName: null
          securityContext:
            fsGroup: 1001
            fsGroupChangePolicy: Always
            supplementalGroups: []
            sysctls: []
