manifest should match snapshot:
  1: |
    apiVersion: apps/v1
    kind: Deployment
    metadata:
      labels:
        app.kubernetes.io/instance: RELEASE-NAME
        app.kubernetes.io/managed-by: Helm
        app.kubernetes.io/name: application
        helm.sh/chart: application-0.0.1
      name: release-name-application
      namespace: NAMESPACE
    spec:
      replicas: 1
      selector:
        matchLabels:
          app.kubernetes.io/instance: RELEASE-NAME
          app.kubernetes.io/name: application
      strategy:
        type: RollingUpdate
      template:
        metadata:
          annotations: {}
          labels:
            app.kubernetes.io/instance: RELEASE-NAME
            app.kubernetes.io/managed-by: Helm
            app.kubernetes.io/name: application
            helm.sh/chart: application-0.0.1
        spec:
          affinity:
            nodeAffinity: null
            podAffinity: null
            podAntiAffinity:
              preferredDuringSchedulingIgnoredDuringExecution:
                - podAffinityTerm:
                    labelSelector:
                      matchLabels:
                        app.kubernetes.io/instance: RELEASE-NAME
                        app.kubernetes.io/name: application
                    topologyKey: kubernetes.io/hostname
                  weight: 1
          containers:
            - image: docker.io/example:latest
              imagePullPolicy: IfNotPresent
              livenessProbe:
                failureThreshold: 6
                httpGet:
                  path: /
                  port: http
                initialDelaySeconds: 30
                periodSeconds: 10
                successThreshold: 1
                timeoutSeconds: 30
              name: release-name-application
              ports:
                - containerPort: 8080
                  name: http
              readinessProbe:
                failureThreshold: 6
                httpGet:
                  path: /
                  port: http
                initialDelaySeconds: 30
                periodSeconds: 10
                successThreshold: 1
                timeoutSeconds: 30
              resources:
                limits:
                  cpu: 250m
                  memory: 256Mi
                requests:
                  cpu: 100m
                  memory: 128Mi
              securityContext:
                allowPrivilegeEscalation: false
                capabilities:
                  add: []
                  drop:
                    - ALL
                privileged: false
                readOnlyRootFilesystem: true
                runAsNonRoot: true
                runAsUser: 1001
                seccompProfile:
                  type: RuntimeDefault
          securityContext:
            fsGroup: 1001
            fsGroupChangePolicy: Always
            supplementalGroups: []
            sysctls: []
