manifest should match snapshot:
  1: |
    apiVersion: autoscaling/v2
    kind: HorizontalPodAutoscaler
    metadata:
      labels:
        app.kubernetes.io/instance: RELEASE-NAME
        app.kubernetes.io/managed-by: Helm
        app.kubernetes.io/name: application
        app.kubernetes.io/version: 0.1.0
        helm.sh/chart: application-0.1.0
      name: release-name-application
      namespace: NAMESPACE
    spec:
      maxReplicas: 3
      metrics:
        - resource:
            name: cpu
            target:
              averageUtilization: 80
              type: Utilization
          type: Resource
      minReplicas: 1
      scaleTargetRef:
        apiVersion: apps/v1
        kind: Deployment
        name: release-name-application
