manifest should match snapshot:
  1: |
    apiVersion: policy/v1
    kind: PodDisruptionBudget
    metadata:
      labels:
        app.kubernetes.io/instance: RELEASE-NAME
        app.kubernetes.io/managed-by: Helm
        app.kubernetes.io/name: application
        app.kubernetes.io/version: 0.1.0
        helm.sh/chart: application-0.1.0
      name: release-name-application
      namespace: NAMESPACE
    spec:
      minAvailable: 1
      selector:
        matchLabels:
          app.kubernetes.io/instance: RELEASE-NAME
          app.kubernetes.io/name: application
