manifest should match snapshot:
  1: |
    apiVersion: v1
    kind: PersistentVolumeClaim
    metadata:
      labels:
        app.kubernetes.io/instance: RELEASE-NAME
        app.kubernetes.io/managed-by: Helm
        app.kubernetes.io/name: application
        app.kubernetes.io/version: 0.1.0
        helm.sh/chart: application-0.1.0
      name: release-name-application
      namespace: NAMESPACE
    spec:
      accessModes:
        - ReadWriteOnce
      resources:
        requests:
          storage: 8Gi
      volumeMode: Filesystem
